// Jest Snapshot v1, https://goo.gl/fbAQLP

exports[` 1`] = `
<li
  class="SpinnerWheel SpinnerWheel--stopped"
  tabindex="1"
>
  <header
    class="SpinnerWheel__header"
  >
    <label
      class="SpinnerWheel__name"
      for="Demo Wheel"
    >
      Demo Wheel
    </label>
    <i
      class="SpinnerWheel__lock"
      role="button"
      tabindex="-1"
    >
      ðŸ”“
    </i>
  </header>
  <button
    class="SpinnerWheel__value SpinnerWheel__value--description"
    tabindex="-1"
    title="Clowns are a curious breed who sustain themselves on the laugher of children."
  >
    <!--
        ISSUE #32: somehow get contenteditable to work

        For the life of me I could not get contenteditable 
        to work in Vue3 - so, my clever workaround was to bind the 
        size attribute to the current input value's length.
      -->
    <input
      class="SpinnerWheel__valueInput"
      id="Demo Wheel"
      size="6"
      tabindex="-1"
    />
  </button>
</li>
`;
